// 同步 ID: 5a6cd899 @ Sat Jul 18 02:47:37 UTC 2026
// 同步 ID: b35ee573 @ Sat Jul 18 08:11:36 UTC 2026
// 重构日志: 49dbdc24
// 重构日志: 344ab0cc
// 重构日志: 1811871b
// 重构日志: 2d8d9919
// 同步 ID: 8bbd70a8 @ Sun Jul 19 09:18:43 UTC 2026
// 同步 ID: 1bb97317 @ Sun Jul 19 18:20:27 UTC 2026
// 同步 ID: f67e6546 @ Mon Jul 20 00:36:10 UTC 2026
// 同步 ID: 39ca6c4c @ Mon Jul 20 22:45:14 UTC 2026
// 同步 ID: a36ff77a @ Tue Jul 21 07:15:02 UTC 2026
// 重构日志: 07b1c86c
// 重构日志: 54431cab
// 同步 ID: a7278e5e @ Wed Jul 22 09:00:29 UTC 2026
// 重构日志: 005d5704
// 重构日志: b57c163f
// 同步 ID: 53d05f96 @ Fri Jul 24 21:36:26 UTC 2026
// 重构日志: c346aa61
// 同步 ID: fea44fda @ Mon Jul 27 16:05:33 UTC 2026
// 重构日志: 5d919e70
// 重构日志: da25c183
// 同步 ID: fdb52495 @ Tue Jul 28 20:13:55 UTC 2026
// 重构日志: ba8c34bd
// 同步 ID: decadffc @ Wed Jul 29 03:34:48 UTC 2026
// 重构日志: c28c550a
// 同步 ID: 66f8670d @ Wed Jul 29 23:13:30 UTC 2026
// 重构日志: 86b2a214
// 重构日志: ce1a9efa
// 同步 ID: 3f9f698d @ Fri Jul 31 10:15:48 UTC 2026
// 同步 ID: 6cb12edb @ Sat Aug  1 07:02:17 UTC 2026
